2026-09-08 16:55:55,343 | INFO     | engine:_init_exchange:80 | تم تهيئة الاتصال بمنصة BYBIT بنجاح
2026-09-08 16:56:00,523 | INFO     | engine:_init_exchange:80 | تم تهيئة الاتصال بمنصة BYBIT بنجاح
2026-09-08 16:56:00,637 | WARNING  | engine:close_position:324 | محاولة إغلاق صفقة غير موجودة أو مغلقة مسبقاً: #99999
2026-09-08 16:56:00,662 | INFO     | engine:open_position:310 | 📈 فتح صفقة ورقية #1 | BTC/USDT | سعر الدخول: 60000.00$ | الكمية: 0.000033 | التكلفة: 2.00$ | الهدف: 61140.00$ | الوقف: 59280.00$
2026-09-08 16:56:00,678 | INFO     | engine:close_position:361 | 📉 إغلاق صفقة #1 | BTC/USDT | دخول: 60000.00$ → خروج: 59280.00$ | PnL: -0.0240$ (-1.20%) | السبب: Stop Loss ⚠️
2026-09-08 16:56:00,714 | INFO     | engine:open_position:310 | 📈 فتح صفقة ورقية #2 | BTC/USDT | سعر الدخول: 60000.00$ | الكمية: 0.000033 | التكلفة: 2.00$ | الهدف: 61140.00$ | الوقف: 59280.00$
2026-09-08 16:56:00,735 | INFO     | engine:close_position:361 | 💰 إغلاق صفقة #2 | BTC/USDT | دخول: 60000.00$ → خروج: 61080.00$ | PnL: +0.0360$ (+1.80%) | السبب: Take Profit ✅
2026-09-08 16:56:00,770 | ERROR    | engine:fetch_market_candles:222 | خطأ في جلب شموع BTC/USDT: Timeout
Traceback (most recent call last):
  File "D:\USDT\trading_engine.py", line 213, in fetch_market_candles
    ohlcv = self._exchange.fetch_ohlcv(pair, timeframe=timeframe, limit=limit)
  File "C:\Users\youne\AppData\Roaming\uv\python\cpython-3.14-windows-x86_64-none\Lib\unittest\mock.py", line 1175, in __call__
    return self._mock_call(*args, **kwargs)
           ~~~~~~~~~~~~~~~^^^^^^^^^^^^^^^^^
  File "C:\Users\youne\AppData\Roaming\uv\python\cpython-3.14-windows-x86_64-none\Lib\unittest\mock.py", line 1179, in _mock_call
    return self._execute_mock_call(*args, **kwargs)
           ~~~~~~~~~~~~~~~~~~~~~~~^^^^^^^^^^^^^^^^^
  File "C:\Users\youne\AppData\Roaming\uv\python\cpython-3.14-windows-x86_64-none\Lib\unittest\mock.py", line 1234, in _execute_mock_call
    raise effect
Exception: Timeout
2026-09-08 16:56:00,787 | ERROR    | engine:get_current_price:238 | خطأ في جلب سعر BTC/USDT: Network Error
2026-09-08 16:56:00,913 | INFO     | engine:open_position:310 | 📈 فتح صفقة ورقية #3 | BTC/USDT | سعر الدخول: 60000.00$ | الكمية: 0.000025 | التكلفة: 1.50$ | الهدف: 61140.00$ | الوقف: 59280.00$
2026-09-08 16:56:00,935 | INFO     | engine:open_position:310 | 📈 فتح صفقة ورقية #4 | ETH/USDT | سعر الدخول: 3000.00$ | الكمية: 0.000500 | التكلفة: 1.50$ | الهدف: 3057.00$ | الوقف: 2964.00$
2026-09-08 16:56:00,944 | INFO     | engine:open_position:283 | تم بلوغ الحد الأقصى للصفقات المفتوحة (2). لن يتم فتح صفقة جديدة.
2026-09-08 16:56:00,959 | WARNING  | engine:open_position:276 | رصيد غير كافٍ لفتح صفقة BTC/USDT: المتاح 4.00$ < المطلوب 10.00$
2026-09-08 16:56:01,000 | INFO     | engine:open_position:310 | 📈 فتح صفقة ورقية #5 | BTC/USDT | سعر الدخول: 60000.00$ | الكمية: 0.000033 | التكلفة: 2.00$ | الهدف: 61140.00$ | الوقف: 59280.00$
2026-09-08 16:56:01,054 | INFO     | engine:open_position:310 | 📈 فتح صفقة ورقية #6 | BTC/USDT | سعر الدخول: 60000.00$ | الكمية: 0.000033 | التكلفة: 2.00$ | الهدف: 61140.00$ | الوقف: 59280.00$
2026-09-08 16:56:01,122 | INFO     | engine:open_position:310 | 📈 فتح صفقة ورقية #7 | BTC/USDT | سعر الدخول: 60000.00$ | الكمية: 0.000033 | التكلفة: 2.00$ | الهدف: 61140.00$ | الوقف: 59280.00$
2026-09-08 16:56:01,144 | INFO     | engine:close_position:361 | 📉 إغلاق صفقة #7 | BTC/USDT | دخول: 60000.00$ → خروج: 59100.00$ | PnL: -0.0300$ (-1.50%) | السبب: وقف الخسارة الأقصى (Stop Loss) ⚠️
2026-09-08 16:56:01,179 | INFO     | engine:open_position:310 | 📈 فتح صفقة ورقية #8 | BTC/USDT | سعر الدخول: 60000.00$ | الكمية: 0.000033 | التكلفة: 2.00$ | الهدف: 61140.00$ | الوقف: 59280.00$
2026-09-08 16:56:01,194 | INFO     | engine:close_position:361 | 💰 إغلاق صفقة #8 | BTC/USDT | دخول: 60000.00$ → خروج: 61200.00$ | PnL: +0.0400$ (+2.00%) | السبب: تحقيق هدف الربح (+1.9%) 🎯
2026-09-08 16:56:01,240 | INFO     | engine:open_position:310 | 📈 فتح صفقة ورقية #9 | BTC/USDT | سعر الدخول: 60000.00$ | الكمية: 0.000033 | التكلفة: 2.00$ | الهدف: 61140.00$ | الوقف: 59280.00$
2026-09-08 16:56:48,576 | INFO     | engine:_init_exchange:80 | تم تهيئة الاتصال بمنصة BYBIT بنجاح
2026-09-08 16:56:53,013 | INFO     | engine:_init_exchange:80 | تم تهيئة الاتصال بمنصة BYBIT بنجاح
2026-09-08 16:56:53,119 | WARNING  | engine:close_position:324 | محاولة إغلاق صفقة غير موجودة أو مغلقة مسبقاً: #99999
2026-09-08 16:56:53,139 | INFO     | engine:open_position:310 | 📈 فتح صفقة ورقية #1 | BTC/USDT | سعر الدخول: 60000.00$ | الكمية: 0.000033 | التكلفة: 2.00$ | الهدف: 61140.00$ | الوقف: 59280.00$
2026-09-08 16:56:53,154 | INFO     | engine:close_position:361 | 📉 إغلاق صفقة #1 | BTC/USDT | دخول: 60000.00$ → خروج: 59280.00$ | PnL: -0.0240$ (-1.20%) | السبب: Stop Loss ⚠️
2026-09-08 16:56:53,194 | INFO     | engine:open_position:310 | 📈 فتح صفقة ورقية #2 | BTC/USDT | سعر الدخول: 60000.00$ | الكمية: 0.000033 | التكلفة: 2.00$ | الهدف: 61140.00$ | الوقف: 59280.00$
2026-09-08 16:56:53,214 | INFO     | engine:close_position:361 | 💰 إغلاق صفقة #2 | BTC/USDT | دخول: 60000.00$ → خروج: 61080.00$ | PnL: +0.0360$ (+1.80%) | السبب: Take Profit ✅
2026-09-08 16:56:53,240 | ERROR    | engine:fetch_market_candles:222 | خطأ في جلب شموع BTC/USDT: Timeout
Traceback (most recent call last):
  File "D:\USDT\trading_engine.py", line 213, in fetch_market_candles
    ohlcv = self._exchange.fetch_ohlcv(pair, timeframe=timeframe, limit=limit)
  File "C:\Users\youne\AppData\Roaming\uv\python\cpython-3.14-windows-x86_64-none\Lib\unittest\mock.py", line 1175, in __call__
    return self._mock_call(*args, **kwargs)
           ~~~~~~~~~~~~~~~^^^^^^^^^^^^^^^^^
  File "C:\Users\youne\AppData\Roaming\uv\python\cpython-3.14-windows-x86_64-none\Lib\unittest\mock.py", line 1179, in _mock_call
    return self._execute_mock_call(*args, **kwargs)
           ~~~~~~~~~~~~~~~~~~~~~~~^^^^^^^^^^^^^^^^^
  File "C:\Users\youne\AppData\Roaming\uv\python\cpython-3.14-windows-x86_64-none\Lib\unittest\mock.py", line 1234, in _execute_mock_call
    raise effect
Exception: Timeout
2026-09-08 16:56:53,259 | ERROR    | engine:get_current_price:238 | خطأ في جلب سعر BTC/USDT: Network Error
2026-09-08 16:56:53,373 | INFO     | engine:open_position:310 | 📈 فتح صفقة ورقية #3 | BTC/USDT | سعر الدخول: 60000.00$ | الكمية: 0.000025 | التكلفة: 1.50$ | الهدف: 61140.00$ | الوقف: 59280.00$
2026-09-08 16:56:53,386 | INFO     | engine:open_position:310 | 📈 فتح صفقة ورقية #4 | ETH/USDT | سعر الدخول: 3000.00$ | الكمية: 0.000500 | التكلفة: 1.50$ | الهدف: 3057.00$ | الوقف: 2964.00$
2026-09-08 16:56:53,395 | INFO     | engine:open_position:283 | تم بلوغ الحد الأقصى للصفقات المفتوحة (2). لن يتم فتح صفقة جديدة.
2026-09-08 16:56:53,417 | WARNING  | engine:open_position:276 | رصيد غير كافٍ لفتح صفقة BTC/USDT: المتاح 4.00$ < المطلوب 10.00$
2026-09-08 16:56:53,444 | INFO     | engine:open_position:310 | 📈 فتح صفقة ورقية #5 | BTC/USDT | سعر الدخول: 60000.00$ | الكمية: 0.000033 | التكلفة: 2.00$ | الهدف: 61140.00$ | الوقف: 59280.00$
2026-09-08 16:56:53,504 | INFO     | engine:open_position:310 | 📈 فتح صفقة ورقية #6 | BTC/USDT | سعر الدخول: 60000.00$ | الكمية: 0.000033 | التكلفة: 2.00$ | الهدف: 61140.00$ | الوقف: 59280.00$
2026-09-08 16:56:53,558 | INFO     | engine:open_position:310 | 📈 فتح صفقة ورقية #7 | BTC/USDT | سعر الدخول: 60000.00$ | الكمية: 0.000033 | التكلفة: 2.00$ | الهدف: 61140.00$ | الوقف: 59280.00$
2026-09-08 16:56:53,578 | INFO     | engine:close_position:361 | 📉 إغلاق صفقة #7 | BTC/USDT | دخول: 60000.00$ → خروج: 59100.00$ | PnL: -0.0300$ (-1.50%) | السبب: وقف الخسارة الأقصى (Stop Loss) ⚠️
2026-09-08 16:56:53,607 | INFO     | engine:open_position:310 | 📈 فتح صفقة ورقية #8 | BTC/USDT | سعر الدخول: 60000.00$ | الكمية: 0.000033 | التكلفة: 2.00$ | الهدف: 61140.00$ | الوقف: 59280.00$
2026-09-08 16:56:53,628 | INFO     | engine:close_position:361 | 💰 إغلاق صفقة #8 | BTC/USDT | دخول: 60000.00$ → خروج: 61200.00$ | PnL: +0.0400$ (+2.00%) | السبب: تحقيق هدف الربح (+1.9%) 🎯
2026-09-08 16:56:53,667 | INFO     | engine:open_position:310 | 📈 فتح صفقة ورقية #9 | BTC/USDT | سعر الدخول: 60000.00$ | الكمية: 0.000033 | التكلفة: 2.00$ | الهدف: 61140.00$ | الوقف: 59280.00$
2026-09-08 16:56:53,717 | INFO     | engine:close_position:361 | 💰 إغلاق صفقة #9 | BTC/USDT | دخول: 60000.00$ → خروج: 60700.00$ | PnL: +0.0233$ (+1.17%) | السبب: تفعيل الوقف المتحرك وحجز الأرباح 🛡️
2026-09-08 17:01:03,269 | INFO     | engine:_init_exchange:80 | تم تهيئة الاتصال بمنصة BYBIT بنجاح
2026-09-08 17:01:58,949 | INFO     | engine:_init_exchange:80 | تم تهيئة الاتصال بمنصة BYBIT بنجاح
2026-09-08 17:02:20,025 | INFO     | engine:_init_exchange:80 | تم تهيئة الاتصال بمنصة BYBIT بنجاح
2026-09-08 17:02:32,271 | INFO     | engine:close_position:361 | 💰 إغلاق صفقة #1 | ETH/USDT | دخول: 2496.49$ → خروج: 2497.60$ | PnL: +0.0009$ (+0.04%) | السبب: إغلاق يدوي فوري من الواجهة ✋
2026-09-08 17:09:20,742 | INFO     | engine:_init_exchange:80 | تم تهيئة الاتصال بمنصة BYBIT بنجاح
2026-09-08 17:09:24,962 | ERROR    | engine:fetch_market_candles:239 | خطأ في جلب شموع BTC/USDT: 'TradingConfig' object has no attribute 'ema_fast'
Traceback (most recent call last):
  File "D:\USDT\trading_engine.py", line 233, in fetch_market_candles
    df = TechnicalIndicators.enrich_dataframe(df)
  File "D:\USDT\indicators.py", line 70, in enrich_dataframe
    df['ema_9'] = cls.calculate_ema(df['close'], span=config.ema_fast)
                                                      ^^^^^^^^^^^^^^^
AttributeError: 'TradingConfig' object has no attribute 'ema_fast'
2026-09-08 17:09:25,383 | INFO     | engine:_init_exchange:80 | تم تهيئة الاتصال بمنصة BYBIT بنجاح
2026-09-08 17:09:25,476 | WARNING  | engine:close_position:435 | محاولة إغلاق صفقة غير موجودة أو مغلقة مسبقاً: #99999
2026-09-08 17:09:25,496 | INFO     | engine:open_position:421 | 📈 فتح صفقة ورقية #1 | BTC/USDT | سعر الدخول: 60000.00$ | الكمية: 0.000033 | التكلفة: 2.00$ | الهدف: 61140.00$ | الوقف: 59280.00$
2026-09-08 17:09:25,511 | INFO     | engine:close_position:472 | 📉 إغلاق صفقة #1 | BTC/USDT | دخول: 60000.00$ → خروج: 59280.00$ | PnL: -0.0240$ (-1.20%) | السبب: Stop Loss ⚠️
2026-09-08 17:09:25,550 | INFO     | engine:open_position:421 | 📈 فتح صفقة ورقية #2 | BTC/USDT | سعر الدخول: 60000.00$ | الكمية: 0.000033 | التكلفة: 2.00$ | الهدف: 61140.00$ | الوقف: 59280.00$
2026-09-08 17:09:25,569 | INFO     | engine:close_position:472 | 💰 إغلاق صفقة #2 | BTC/USDT | دخول: 60000.00$ → خروج: 61080.00$ | PnL: +0.0360$ (+1.80%) | السبب: Take Profit ✅
2026-09-08 17:09:25,594 | ERROR    | engine:fetch_market_candles:239 | خطأ في جلب شموع BTC/USDT: Timeout
Traceback (most recent call last):
  File "D:\USDT\trading_engine.py", line 230, in fetch_market_candles
    ohlcv = self._exchange.fetch_ohlcv(pair, timeframe=timeframe, limit=limit)
  File "C:\Users\youne\AppData\Roaming\uv\python\cpython-3.14-windows-x86_64-none\Lib\unittest\mock.py", line 1175, in __call__
    return self._mock_call(*args, **kwargs)
           ~~~~~~~~~~~~~~~^^^^^^^^^^^^^^^^^
  File "C:\Users\youne\AppData\Roaming\uv\python\cpython-3.14-windows-x86_64-none\Lib\unittest\mock.py", line 1179, in _mock_call
    return self._execute_mock_call(*args, **kwargs)
           ~~~~~~~~~~~~~~~~~~~~~~~^^^^^^^^^^^^^^^^^
  File "C:\Users\youne\AppData\Roaming\uv\python\cpython-3.14-windows-x86_64-none\Lib\unittest\mock.py", line 1234, in _execute_mock_call
    raise effect
Exception: Timeout
2026-09-08 17:09:25,610 | ERROR    | engine:get_current_price:255 | خطأ في جلب سعر BTC/USDT: Network Error
2026-09-08 17:09:25,704 | INFO     | engine:open_position:421 | 📈 فتح صفقة ورقية #3 | BTC/USDT | سعر الدخول: 60000.00$ | الكمية: 0.000025 | التكلفة: 1.50$ | الهدف: 61140.00$ | الوقف: 59280.00$
2026-09-08 17:09:25,717 | INFO     | engine:open_position:421 | 📈 فتح صفقة ورقية #4 | ETH/USDT | سعر الدخول: 3000.00$ | الكمية: 0.000500 | التكلفة: 1.50$ | الهدف: 3057.00$ | الوقف: 2964.00$
2026-09-08 17:09:25,727 | INFO     | engine:open_position:394 | تم بلوغ الحد الأقصى للصفقات المفتوحة (2). لن يتم فتح صفقة جديدة.
2026-09-08 17:09:25,744 | WARNING  | engine:open_position:387 | رصيد غير كافٍ لفتح صفقة BTC/USDT: المتاح 4.00$ < المطلوب 10.00$
2026-09-08 17:09:25,771 | INFO     | engine:open_position:421 | 📈 فتح صفقة ورقية #5 | BTC/USDT | سعر الدخول: 60000.00$ | الكمية: 0.000033 | التكلفة: 2.00$ | الهدف: 61140.00$ | الوقف: 59280.00$
2026-09-08 17:09:25,828 | INFO     | engine:open_position:421 | 📈 فتح صفقة ورقية #6 | BTC/USDT | سعر الدخول: 60000.00$ | الكمية: 0.000033 | التكلفة: 2.00$ | الهدف: 61140.00$ | الوقف: 59280.00$
2026-09-08 17:09:25,881 | INFO     | engine:open_position:421 | 📈 فتح صفقة ورقية #7 | BTC/USDT | سعر الدخول: 60000.00$ | الكمية: 0.000033 | التكلفة: 2.00$ | الهدف: 61140.00$ | الوقف: 59280.00$
2026-09-08 17:09:25,910 | INFO     | engine:close_position:472 | 📉 إغلاق صفقة #7 | BTC/USDT | دخول: 60000.00$ → خروج: 59100.00$ | PnL: -0.0300$ (-1.50%) | السبب: وقف الخسارة الأقصى (Stop Loss) ⚠️
2026-09-08 17:09:25,946 | INFO     | engine:open_position:421 | 📈 فتح صفقة ورقية #8 | BTC/USDT | سعر الدخول: 60000.00$ | الكمية: 0.000033 | التكلفة: 2.00$ | الهدف: 61140.00$ | الوقف: 59280.00$
2026-09-08 17:09:25,967 | INFO     | engine:close_position:472 | 💰 إغلاق صفقة #8 | BTC/USDT | دخول: 60000.00$ → خروج: 61200.00$ | PnL: +0.0400$ (+2.00%) | السبب: تحقيق هدف الربح (+1.9%) 🎯
2026-09-08 17:09:25,999 | INFO     | engine:open_position:421 | 📈 فتح صفقة ورقية #9 | BTC/USDT | سعر الدخول: 60000.00$ | الكمية: 0.000033 | التكلفة: 2.00$ | الهدف: 61140.00$ | الوقف: 59280.00$
2026-09-08 17:09:26,057 | INFO     | engine:close_position:472 | 💰 إغلاق صفقة #9 | BTC/USDT | دخول: 60000.00$ → خروج: 60700.00$ | PnL: +0.0233$ (+1.17%) | السبب: تفعيل الوقف المتحرك وحجز الأرباح 🛡️
2026-09-08 17:09:26,289 | INFO     | engine:_init_exchange:80 | تم تهيئة الاتصال بمنصة BYBIT بنجاح
2026-09-08 17:09:38,709 | INFO     | engine:_init_exchange:80 | تم تهيئة الاتصال بمنصة BYBIT بنجاح
2026-09-08 17:09:43,878 | INFO     | engine:_init_exchange:80 | تم تهيئة الاتصال بمنصة BYBIT بنجاح
2026-09-08 17:09:43,998 | WARNING  | engine:close_position:435 | محاولة إغلاق صفقة غير موجودة أو مغلقة مسبقاً: #99999
2026-09-08 17:09:44,018 | INFO     | engine:open_position:421 | 📈 فتح صفقة ورقية #1 | BTC/USDT | سعر الدخول: 60000.00$ | الكمية: 0.000033 | التكلفة: 2.00$ | الهدف: 61140.00$ | الوقف: 59280.00$
2026-09-08 17:09:44,034 | INFO     | engine:close_position:472 | 📉 إغلاق صفقة #1 | BTC/USDT | دخول: 60000.00$ → خروج: 59280.00$ | PnL: -0.0240$ (-1.20%) | السبب: Stop Loss ⚠️
2026-09-08 17:09:44,076 | INFO     | engine:open_position:421 | 📈 فتح صفقة ورقية #2 | BTC/USDT | سعر الدخول: 60000.00$ | الكمية: 0.000033 | التكلفة: 2.00$ | الهدف: 61140.00$ | الوقف: 59280.00$
2026-09-08 17:09:44,095 | INFO     | engine:close_position:472 | 💰 إغلاق صفقة #2 | BTC/USDT | دخول: 60000.00$ → خروج: 61080.00$ | PnL: +0.0360$ (+1.80%) | السبب: Take Profit ✅
2026-09-08 17:09:44,121 | ERROR    | engine:fetch_market_candles:239 | خطأ في جلب شموع BTC/USDT: Timeout
Traceback (most recent call last):
  File "D:\USDT\trading_engine.py", line 230, in fetch_market_candles
    ohlcv = self._exchange.fetch_ohlcv(pair, timeframe=timeframe, limit=limit)
  File "C:\Users\youne\AppData\Roaming\uv\python\cpython-3.14-windows-x86_64-none\Lib\unittest\mock.py", line 1175, in __call__
    return self._mock_call(*args, **kwargs)
           ~~~~~~~~~~~~~~~^^^^^^^^^^^^^^^^^
  File "C:\Users\youne\AppData\Roaming\uv\python\cpython-3.14-windows-x86_64-none\Lib\unittest\mock.py", line 1179, in _mock_call
    return self._execute_mock_call(*args, **kwargs)
           ~~~~~~~~~~~~~~~~~~~~~~~^^^^^^^^^^^^^^^^^
  File "C:\Users\youne\AppData\Roaming\uv\python\cpython-3.14-windows-x86_64-none\Lib\unittest\mock.py", line 1234, in _execute_mock_call
    raise effect
Exception: Timeout
2026-09-08 17:09:44,143 | ERROR    | engine:get_current_price:255 | خطأ في جلب سعر BTC/USDT: Network Error
2026-09-08 17:09:44,262 | INFO     | engine:open_position:421 | 📈 فتح صفقة ورقية #3 | BTC/USDT | سعر الدخول: 60000.00$ | الكمية: 0.000025 | التكلفة: 1.50$ | الهدف: 61140.00$ | الوقف: 59280.00$
2026-09-08 17:09:44,276 | INFO     | engine:open_position:421 | 📈 فتح صفقة ورقية #4 | ETH/USDT | سعر الدخول: 3000.00$ | الكمية: 0.000500 | التكلفة: 1.50$ | الهدف: 3057.00$ | الوقف: 2964.00$
2026-09-08 17:09:44,285 | INFO     | engine:open_position:394 | تم بلوغ الحد الأقصى للصفقات المفتوحة (2). لن يتم فتح صفقة جديدة.
2026-09-08 17:09:44,302 | WARNING  | engine:open_position:387 | رصيد غير كافٍ لفتح صفقة BTC/USDT: المتاح 4.00$ < المطلوب 10.00$
2026-09-08 17:09:44,334 | INFO     | engine:open_position:421 | 📈 فتح صفقة ورقية #5 | BTC/USDT | سعر الدخول: 60000.00$ | الكمية: 0.000033 | التكلفة: 2.00$ | الهدف: 61140.00$ | الوقف: 59280.00$
2026-09-08 17:09:44,387 | INFO     | engine:open_position:421 | 📈 فتح صفقة ورقية #6 | BTC/USDT | سعر الدخول: 60000.00$ | الكمية: 0.000033 | التكلفة: 2.00$ | الهدف: 61140.00$ | الوقف: 59280.00$
2026-09-08 17:09:44,450 | INFO     | engine:open_position:421 | 📈 فتح صفقة ورقية #7 | BTC/USDT | سعر الدخول: 60000.00$ | الكمية: 0.000033 | التكلفة: 2.00$ | الهدف: 61140.00$ | الوقف: 59280.00$
2026-09-08 17:09:44,471 | INFO     | engine:close_position:472 | 📉 إغلاق صفقة #7 | BTC/USDT | دخول: 60000.00$ → خروج: 59100.00$ | PnL: -0.0300$ (-1.50%) | السبب: وقف الخسارة الأقصى (Stop Loss) ⚠️
2026-09-08 17:09:44,502 | INFO     | engine:open_position:421 | 📈 فتح صفقة ورقية #8 | BTC/USDT | سعر الدخول: 60000.00$ | الكمية: 0.000033 | التكلفة: 2.00$ | الهدف: 61140.00$ | الوقف: 59280.00$
2026-09-08 17:09:44,523 | INFO     | engine:close_position:472 | 💰 إغلاق صفقة #8 | BTC/USDT | دخول: 60000.00$ → خروج: 61200.00$ | PnL: +0.0400$ (+2.00%) | السبب: تحقيق هدف الربح (+1.9%) 🎯
2026-09-08 17:09:44,566 | INFO     | engine:open_position:421 | 📈 فتح صفقة ورقية #9 | BTC/USDT | سعر الدخول: 60000.00$ | الكمية: 0.000033 | التكلفة: 2.00$ | الهدف: 61140.00$ | الوقف: 59280.00$
2026-09-08 17:09:44,621 | INFO     | engine:close_position:472 | 💰 إغلاق صفقة #9 | BTC/USDT | دخول: 60000.00$ → خروج: 60700.00$ | PnL: +0.0233$ (+1.17%) | السبب: تفعيل الوقف المتحرك وحجز الأرباح 🛡️
2026-09-08 17:09:44,766 | INFO     | engine:_init_exchange:80 | تم تهيئة الاتصال بمنصة BYBIT بنجاح
2026-09-08 17:15:10,876 | INFO     | engine:_init_exchange:80 | تم تهيئة الاتصال بمنصة BYBIT بنجاح
2026-09-08 17:15:10,908 | INFO     | engine:_init_exchange:80 | تم تهيئة الاتصال بمنصة BYBIT بنجاح
2026-09-08 17:39:35,935 | INFO     | engine:_init_exchange:82 | تم تهيئة الاتصال بمنصة BYBIT بنجاح
2026-09-08 17:39:42,818 | INFO     | engine:_init_exchange:82 | تم تهيئة الاتصال بمنصة BYBIT بنجاح
2026-09-08 17:39:42,922 | WARNING  | engine:close_position:471 | محاولة إغلاق صفقة غير موجودة أو مغلقة مسبقاً: #99999
2026-09-08 17:39:42,942 | INFO     | engine:open_position:457 | 📈 فتح صفقة ورقية #1 | BTC/USDT | سعر الدخول: 60000.00$ | الكمية: 0.000033 | التكلفة: 2.00$ | الهدف: 61140.00$ | الوقف: 59280.00$
2026-09-08 17:39:42,959 | INFO     | engine:close_position:524 | 📉 إغلاق صفقة #1 | BTC/USDT | دخول: 60000.00$ → خروج: 59280.00$ | PnL: -0.0240$ (-1.20%) | السبب: Stop Loss ⚠️
2026-09-08 17:39:42,999 | INFO     | engine:open_position:457 | 📈 فتح صفقة ورقية #2 | BTC/USDT | سعر الدخول: 60000.00$ | الكمية: 0.000033 | التكلفة: 2.00$ | الهدف: 61140.00$ | الوقف: 59280.00$
2026-09-08 17:39:43,017 | INFO     | engine:close_position:524 | 💰 إغلاق صفقة #2 | BTC/USDT | دخول: 60000.00$ → خروج: 61080.00$ | PnL: +0.0360$ (+1.80%) | السبب: Take Profit ✅
2026-09-08 17:39:43,039 | ERROR    | engine:fetch_market_candles:241 | خطأ في جلب شموع BTC/USDT: Timeout
Traceback (most recent call last):
  File "D:\USDT\trading_engine.py", line 232, in fetch_market_candles
    ohlcv = self._exchange.fetch_ohlcv(pair, timeframe=timeframe, limit=limit)
  File "C:\Users\youne\AppData\Roaming\uv\python\cpython-3.14-windows-x86_64-none\Lib\unittest\mock.py", line 1175, in __call__
    return self._mock_call(*args, **kwargs)
           ~~~~~~~~~~~~~~~^^^^^^^^^^^^^^^^^
  File "C:\Users\youne\AppData\Roaming\uv\python\cpython-3.14-windows-x86_64-none\Lib\unittest\mock.py", line 1179, in _mock_call
    return self._execute_mock_call(*args, **kwargs)
           ~~~~~~~~~~~~~~~~~~~~~~~^^^^^^^^^^^^^^^^^
  File "C:\Users\youne\AppData\Roaming\uv\python\cpython-3.14-windows-x86_64-none\Lib\unittest\mock.py", line 1234, in _execute_mock_call
    raise effect
Exception: Timeout
2026-09-08 17:39:43,057 | ERROR    | engine:get_current_price:257 | خطأ في جلب سعر BTC/USDT: Network Error
2026-09-08 17:39:43,155 | INFO     | engine:open_position:457 | 📈 فتح صفقة ورقية #3 | BTC/USDT | سعر الدخول: 60000.00$ | الكمية: 0.000025 | التكلفة: 1.50$ | الهدف: 61140.00$ | الوقف: 59280.00$
2026-09-08 17:39:43,168 | INFO     | engine:open_position:457 | 📈 فتح صفقة ورقية #4 | ETH/USDT | سعر الدخول: 3000.00$ | الكمية: 0.000500 | التكلفة: 1.50$ | الهدف: 3057.00$ | الوقف: 2964.00$
2026-09-08 17:39:43,177 | INFO     | engine:open_position:396 | تم بلوغ الحد الأقصى للصفقات المفتوحة (2). لن يتم فتح صفقة جديدة.
2026-09-08 17:39:43,199 | WARNING  | engine:open_position:389 | رصيد غير كافٍ لفتح صفقة BTC/USDT: المتاح 4.00$ < المطلوب 10.00$
2026-09-08 17:39:43,227 | INFO     | engine:open_position:457 | 📈 فتح صفقة ورقية #5 | BTC/USDT | سعر الدخول: 60000.00$ | الكمية: 0.000033 | التكلفة: 2.00$ | الهدف: 61140.00$ | الوقف: 59280.00$
2026-09-08 17:39:43,272 | INFO     | engine:open_position:457 | 📈 فتح صفقة ورقية #6 | BTC/USDT | سعر الدخول: 60000.00$ | الكمية: 0.000033 | التكلفة: 2.00$ | الهدف: 61140.00$ | الوقف: 59280.00$
2026-09-08 17:39:43,338 | INFO     | engine:open_position:457 | 📈 فتح صفقة ورقية #7 | BTC/USDT | سعر الدخول: 60000.00$ | الكمية: 0.000033 | التكلفة: 2.00$ | الهدف: 61140.00$ | الوقف: 59280.00$
2026-09-08 17:39:43,358 | INFO     | engine:close_position:524 | 📉 إغلاق صفقة #7 | BTC/USDT | دخول: 60000.00$ → خروج: 59100.00$ | PnL: -0.0300$ (-1.50%) | السبب: وقف الخسارة الأقصى (Stop Loss) ⚠️
2026-09-08 17:39:43,427 | INFO     | engine:open_position:457 | 📈 فتح صفقة ورقية #8 | BTC/USDT | سعر الدخول: 60000.00$ | الكمية: 0.000033 | التكلفة: 2.00$ | الهدف: 61140.00$ | الوقف: 59280.00$
2026-09-08 17:39:43,448 | INFO     | engine:close_position:524 | 💰 إغلاق صفقة #8 | BTC/USDT | دخول: 60000.00$ → خروج: 61200.00$ | PnL: +0.0400$ (+2.00%) | السبب: تحقيق هدف الربح (+1.9%) 🎯
2026-09-08 17:39:43,491 | INFO     | engine:open_position:457 | 📈 فتح صفقة ورقية #9 | BTC/USDT | سعر الدخول: 60000.00$ | الكمية: 0.000033 | التكلفة: 2.00$ | الهدف: 61140.00$ | الوقف: 59280.00$
2026-09-08 17:39:43,549 | INFO     | engine:close_position:524 | 💰 إغلاق صفقة #9 | BTC/USDT | دخول: 60000.00$ → خروج: 60700.00$ | PnL: +0.0233$ (+1.17%) | السبب: تفعيل الوقف المتحرك وحجز الأرباح 🛡️
2026-09-08 17:39:43,672 | INFO     | engine:_init_exchange:82 | تم تهيئة الاتصال بمنصة BYBIT بنجاح
2026-09-08 17:47:18,232 | INFO     | engine:_init_exchange:82 | تم تهيئة الاتصال بمنصة BYBIT بنجاح
2026-09-08 17:47:24,087 | INFO     | engine:_init_exchange:82 | تم تهيئة الاتصال بمنصة BYBIT بنجاح
2026-09-08 17:47:24,198 | WARNING  | engine:close_position:478 | محاولة إغلاق صفقة غير موجودة أو مغلقة مسبقاً: #99999
2026-09-08 17:47:24,223 | INFO     | engine:open_position:457 | 📈 فتح صفقة ورقية #1 | BTC/USDT | سعر الدخول: 60000.00$ | الكمية: 0.000033 | التكلفة: 2.00$ | الهدف: 61140.00$ | الوقف: 59280.00$
2026-09-08 17:47:24,240 | INFO     | engine:close_position:531 | 📉 إغلاق صفقة #1 | BTC/USDT | دخول: 60000.00$ → خروج: 59280.00$ | PnL: -0.0240$ (-1.20%) | السبب: Stop Loss ⚠️
2026-09-08 17:47:24,276 | INFO     | engine:open_position:457 | 📈 فتح صفقة ورقية #2 | BTC/USDT | سعر الدخول: 60000.00$ | الكمية: 0.000033 | التكلفة: 2.00$ | الهدف: 61140.00$ | الوقف: 59280.00$
2026-09-08 17:47:24,297 | INFO     | engine:close_position:531 | 💰 إغلاق صفقة #2 | BTC/USDT | دخول: 60000.00$ → خروج: 61080.00$ | PnL: +0.0360$ (+1.80%) | السبب: Take Profit ✅
2026-09-08 17:47:24,408 | ERROR    | engine:fetch_market_candles:241 | خطأ في جلب شموع BTC/USDT: Timeout
Traceback (most recent call last):
  File "D:\USDT\trading_engine.py", line 232, in fetch_market_candles
    ohlcv = self._exchange.fetch_ohlcv(pair, timeframe=timeframe, limit=limit)
  File "C:\Users\youne\AppData\Roaming\uv\python\cpython-3.14-windows-x86_64-none\Lib\unittest\mock.py", line 1175, in __call__
    return self._mock_call(*args, **kwargs)
           ~~~~~~~~~~~~~~~^^^^^^^^^^^^^^^^^
  File "C:\Users\youne\AppData\Roaming\uv\python\cpython-3.14-windows-x86_64-none\Lib\unittest\mock.py", line 1179, in _mock_call
    return self._execute_mock_call(*args, **kwargs)
           ~~~~~~~~~~~~~~~~~~~~~~~^^^^^^^^^^^^^^^^^
  File "C:\Users\youne\AppData\Roaming\uv\python\cpython-3.14-windows-x86_64-none\Lib\unittest\mock.py", line 1234, in _execute_mock_call
    raise effect
Exception: Timeout
2026-09-08 17:47:24,429 | ERROR    | engine:get_current_price:257 | خطأ في جلب سعر BTC/USDT: Network Error
2026-09-08 17:47:24,544 | INFO     | engine:open_position:457 | 📈 فتح صفقة ورقية #3 | BTC/USDT | سعر الدخول: 60000.00$ | الكمية: 0.000025 | التكلفة: 1.50$ | الهدف: 61140.00$ | الوقف: 59280.00$
2026-09-08 17:47:24,557 | INFO     | engine:open_position:457 | 📈 فتح صفقة ورقية #4 | ETH/USDT | سعر الدخول: 3000.00$ | الكمية: 0.000500 | التكلفة: 1.50$ | الهدف: 3057.00$ | الوقف: 2964.00$
2026-09-08 17:47:24,569 | INFO     | engine:open_position:396 | تم بلوغ الحد الأقصى للصفقات المفتوحة (2). لن يتم فتح صفقة جديدة.
2026-09-08 17:47:24,655 | WARNING  | engine:open_position:389 | رصيد غير كافٍ لفتح صفقة BTC/USDT: المتاح 4.00$ < المطلوب 10.00$
2026-09-08 17:47:24,689 | INFO     | engine:open_position:457 | 📈 فتح صفقة ورقية #5 | BTC/USDT | سعر الدخول: 60000.00$ | الكمية: 0.000033 | التكلفة: 2.00$ | الهدف: 61140.00$ | الوقف: 59280.00$
2026-09-08 17:47:24,743 | INFO     | engine:open_position:457 | 📈 فتح صفقة ورقية #6 | BTC/USDT | سعر الدخول: 60000.00$ | الكمية: 0.000033 | التكلفة: 2.00$ | الهدف: 61140.00$ | الوقف: 59280.00$
2026-09-08 17:47:24,848 | INFO     | engine:open_position:457 | 📈 فتح صفقة ورقية #7 | BTC/USDT | سعر الدخول: 60000.00$ | الكمية: 0.000033 | التكلفة: 2.00$ | الهدف: 61140.00$ | الوقف: 59280.00$
2026-09-08 17:47:24,869 | INFO     | engine:close_position:531 | 📉 إغلاق صفقة #7 | BTC/USDT | دخول: 60000.00$ → خروج: 59100.00$ | PnL: -0.0300$ (-1.50%) | السبب: وقف الخسارة الأقصى (Stop Loss) ⚠️
2026-09-08 17:47:24,906 | INFO     | engine:open_position:457 | 📈 فتح صفقة ورقية #8 | BTC/USDT | سعر الدخول: 60000.00$ | الكمية: 0.000033 | التكلفة: 2.00$ | الهدف: 61140.00$ | الوقف: 59280.00$
2026-09-08 17:47:24,924 | INFO     | engine:close_position:531 | 💰 إغلاق صفقة #8 | BTC/USDT | دخول: 60000.00$ → خروج: 61200.00$ | PnL: +0.0400$ (+2.00%) | السبب: تحقيق هدف الربح (+1.9%) 🎯
2026-09-08 17:47:24,963 | INFO     | engine:open_position:457 | 📈 فتح صفقة ورقية #9 | BTC/USDT | سعر الدخول: 60000.00$ | الكمية: 0.000033 | التكلفة: 2.00$ | الهدف: 61140.00$ | الوقف: 59280.00$
2026-09-08 17:47:25,015 | INFO     | engine:close_position:531 | 💰 إغلاق صفقة #9 | BTC/USDT | دخول: 60000.00$ → خروج: 60700.00$ | PnL: +0.0233$ (+1.17%) | السبب: تفعيل الوقف المتحرك وحجز الأرباح 🛡️
2026-09-08 17:47:25,205 | INFO     | engine:_init_exchange:82 | تم تهيئة الاتصال بمنصة BYBIT بنجاح
2026-09-08 17:47:36,763 | INFO     | engine:_init_exchange:82 | تم تهيئة الاتصال بمنصة BYBIT بنجاح
2026-09-08 17:47:57,060 | INFO     | engine:_init_exchange:82 | تم تهيئة الاتصال بمنصة BYBIT بنجاح
2026-09-08 17:47:57,167 | WARNING  | engine:close_position:478 | محاولة إغلاق صفقة غير موجودة أو مغلقة مسبقاً: #99999
2026-09-08 17:47:57,186 | INFO     | engine:open_position:457 | 📈 فتح صفقة ورقية #1 | BTC/USDT | سعر الدخول: 60000.00$ | الكمية: 0.000033 | التكلفة: 2.00$ | الهدف: 61140.00$ | الوقف: 59280.00$
2026-09-08 17:47:57,202 | INFO     | engine:close_position:531 | 📉 إغلاق صفقة #1 | BTC/USDT | دخول: 60000.00$ → خروج: 59280.00$ | PnL: -0.0240$ (-1.20%) | السبب: Stop Loss ⚠️
2026-09-08 17:47:57,244 | INFO     | engine:open_position:457 | 📈 فتح صفقة ورقية #2 | BTC/USDT | سعر الدخول: 60000.00$ | الكمية: 0.000033 | التكلفة: 2.00$ | الهدف: 61140.00$ | الوقف: 59280.00$
2026-09-08 17:47:57,260 | INFO     | engine:close_position:531 | 💰 إغلاق صفقة #2 | BTC/USDT | دخول: 60000.00$ → خروج: 61080.00$ | PnL: +0.0360$ (+1.80%) | السبب: Take Profit ✅
2026-09-08 17:47:57,283 | ERROR    | engine:fetch_market_candles:241 | خطأ في جلب شموع BTC/USDT: Timeout
Traceback (most recent call last):
  File "D:\USDT\trading_engine.py", line 232, in fetch_market_candles
    ohlcv = self._exchange.fetch_ohlcv(pair, timeframe=timeframe, limit=limit)
  File "C:\Users\youne\AppData\Roaming\uv\python\cpython-3.14-windows-x86_64-none\Lib\unittest\mock.py", line 1175, in __call__
    return self._mock_call(*args, **kwargs)
           ~~~~~~~~~~~~~~~^^^^^^^^^^^^^^^^^
  File "C:\Users\youne\AppData\Roaming\uv\python\cpython-3.14-windows-x86_64-none\Lib\unittest\mock.py", line 1179, in _mock_call
    return self._execute_mock_call(*args, **kwargs)
           ~~~~~~~~~~~~~~~~~~~~~~~^^^^^^^^^^^^^^^^^
  File "C:\Users\youne\AppData\Roaming\uv\python\cpython-3.14-windows-x86_64-none\Lib\unittest\mock.py", line 1234, in _execute_mock_call
    raise effect
Exception: Timeout
2026-09-08 17:47:57,302 | ERROR    | engine:get_current_price:257 | خطأ في جلب سعر BTC/USDT: Network Error
2026-09-08 17:47:57,435 | INFO     | engine:open_position:457 | 📈 فتح صفقة ورقية #3 | BTC/USDT | سعر الدخول: 60000.00$ | الكمية: 0.000025 | التكلفة: 1.50$ | الهدف: 61140.00$ | الوقف: 59280.00$
2026-09-08 17:47:57,447 | INFO     | engine:open_position:457 | 📈 فتح صفقة ورقية #4 | ETH/USDT | سعر الدخول: 3000.00$ | الكمية: 0.000500 | التكلفة: 1.50$ | الهدف: 3057.00$ | الوقف: 2964.00$
2026-09-08 17:47:57,456 | INFO     | engine:open_position:396 | تم بلوغ الحد الأقصى للصفقات المفتوحة (2). لن يتم فتح صفقة جديدة.
2026-09-08 17:47:57,476 | WARNING  | engine:open_position:389 | رصيد غير كافٍ لفتح صفقة BTC/USDT: المتاح 4.00$ < المطلوب 10.00$
2026-09-08 17:47:57,577 | INFO     | engine:open_position:457 | 📈 فتح صفقة ورقية #5 | BTC/USDT | سعر الدخول: 60000.00$ | الكمية: 0.000033 | التكلفة: 2.00$ | الهدف: 61140.00$ | الوقف: 59280.00$
2026-09-08 17:47:57,627 | INFO     | engine:open_position:457 | 📈 فتح صفقة ورقية #6 | BTC/USDT | سعر الدخول: 60000.00$ | الكمية: 0.000033 | التكلفة: 2.00$ | الهدف: 61140.00$ | الوقف: 59280.00$
2026-09-08 17:47:57,691 | INFO     | engine:open_position:457 | 📈 فتح صفقة ورقية #7 | BTC/USDT | سعر الدخول: 60000.00$ | الكمية: 0.000033 | التكلفة: 2.00$ | الهدف: 61140.00$ | الوقف: 59280.00$
2026-09-08 17:47:57,709 | INFO     | engine:close_position:531 | 📉 إغلاق صفقة #7 | BTC/USDT | دخول: 60000.00$ → خروج: 59100.00$ | PnL: -0.0300$ (-1.50%) | السبب: وقف الخسارة الأقصى (Stop Loss) ⚠️
2026-09-08 17:47:57,742 | INFO     | engine:open_position:457 | 📈 فتح صفقة ورقية #8 | BTC/USDT | سعر الدخول: 60000.00$ | الكمية: 0.000033 | التكلفة: 2.00$ | الهدف: 61140.00$ | الوقف: 59280.00$
2026-09-08 17:47:57,765 | INFO     | engine:close_position:531 | 💰 إغلاق صفقة #8 | BTC/USDT | دخول: 60000.00$ → خروج: 61200.00$ | PnL: +0.0400$ (+2.00%) | السبب: تحقيق هدف الربح (+1.9%) 🎯
2026-09-08 17:47:57,801 | INFO     | engine:open_position:457 | 📈 فتح صفقة ورقية #9 | BTC/USDT | سعر الدخول: 60000.00$ | الكمية: 0.000033 | التكلفة: 2.00$ | الهدف: 61140.00$ | الوقف: 59280.00$
2026-09-08 17:47:57,862 | INFO     | engine:close_position:531 | 💰 إغلاق صفقة #9 | BTC/USDT | دخول: 60000.00$ → خروج: 60700.00$ | PnL: +0.0233$ (+1.17%) | السبب: تفعيل الوقف المتحرك وحجز الأرباح 🛡️
2026-09-08 17:48:00,206 | INFO     | engine:_init_exchange:82 | تم تهيئة الاتصال بمنصة BYBIT بنجاح
2026-09-08 21:50:17,773 | INFO     | engine:_init_exchange:82 | تم تهيئة الاتصال بمنصة BYBIT بنجاح
2026-09-08 21:50:17,798 | INFO     | engine:_init_exchange:82 | تم تهيئة الاتصال بمنصة BYBIT بنجاح
2026-09-08 22:03:35,008 | INFO     | engine:_init_exchange:82 | تم تهيئة الاتصال بمنصة BYBIT بنجاح
2026-09-08 22:03:40,983 | WARNING  | engine:wrapper:32 | خطأ شبكة في fetch_market_candles (المحاولة 1/3): bybit GET https://api.bybit.com/v5/market/instruments-info?category=spot. إعادة المحاولة بعد 2.0 ثانية...
2026-09-08 22:04:13,427 | INFO     | engine:_init_exchange:82 | تم تهيئة الاتصال بمنصة BYBIT بنجاح
2026-09-08 22:04:13,666 | WARNING  | engine:close_position:478 | محاولة إغلاق صفقة غير موجودة أو مغلقة مسبقاً: #99999
2026-09-08 22:04:13,713 | INFO     | engine:open_position:457 | 📈 فتح صفقة ورقية #1 | BTC/USDT | سعر الدخول: 60000.00$ | الكمية: 0.000033 | التكلفة: 2.00$ | الهدف: 61140.00$ | الوقف: 59280.00$
2026-09-08 22:04:13,733 | INFO     | engine:close_position:531 | 📉 إغلاق صفقة #1 | BTC/USDT | دخول: 60000.00$ → خروج: 59280.00$ | PnL: -0.0240$ (-1.20%) | السبب: Stop Loss ⚠️
2026-09-08 22:04:13,767 | INFO     | engine:open_position:457 | 📈 فتح صفقة ورقية #2 | BTC/USDT | سعر الدخول: 60000.00$ | الكمية: 0.000033 | التكلفة: 2.00$ | الهدف: 61140.00$ | الوقف: 59280.00$
2026-09-08 22:04:13,784 | INFO     | engine:close_position:531 | 💰 إغلاق صفقة #2 | BTC/USDT | دخول: 60000.00$ → خروج: 61080.00$ | PnL: +0.0360$ (+1.80%) | السبب: Take Profit ✅
2026-09-08 22:04:13,815 | ERROR    | engine:fetch_market_candles:241 | خطأ في جلب شموع BTC/USDT: Timeout
Traceback (most recent call last):
  File "D:\USDT\trading_engine.py", line 232, in fetch_market_candles
    ohlcv = self._exchange.fetch_ohlcv(pair, timeframe=timeframe, limit=limit)
  File "C:\Users\youne\AppData\Roaming\uv\python\cpython-3.14-windows-x86_64-none\Lib\unittest\mock.py", line 1175, in __call__
    return self._mock_call(*args, **kwargs)
           ~~~~~~~~~~~~~~~^^^^^^^^^^^^^^^^^
  File "C:\Users\youne\AppData\Roaming\uv\python\cpython-3.14-windows-x86_64-none\Lib\unittest\mock.py", line 1179, in _mock_call
    return self._execute_mock_call(*args, **kwargs)
           ~~~~~~~~~~~~~~~~~~~~~~~^^^^^^^^^^^^^^^^^
  File "C:\Users\youne\AppData\Roaming\uv\python\cpython-3.14-windows-x86_64-none\Lib\unittest\mock.py", line 1234, in _execute_mock_call
    raise effect
Exception: Timeout
2026-09-08 22:04:13,842 | ERROR    | engine:get_current_price:257 | خطأ في جلب سعر BTC/USDT: Network Error
2026-09-08 22:04:13,935 | INFO     | engine:open_position:457 | 📈 فتح صفقة ورقية #3 | BTC/USDT | سعر الدخول: 60000.00$ | الكمية: 0.000025 | التكلفة: 1.50$ | الهدف: 61140.00$ | الوقف: 59280.00$
2026-09-08 22:04:13,954 | INFO     | engine:open_position:457 | 📈 فتح صفقة ورقية #4 | ETH/USDT | سعر الدخول: 3000.00$ | الكمية: 0.000500 | التكلفة: 1.50$ | الهدف: 3057.00$ | الوقف: 2964.00$
2026-09-08 22:04:13,966 | INFO     | engine:open_position:396 | تم بلوغ الحد الأقصى للصفقات المفتوحة (2). لن يتم فتح صفقة جديدة.
2026-09-08 22:04:13,996 | WARNING  | engine:open_position:389 | رصيد غير كافٍ لفتح صفقة BTC/USDT: المتاح 4.00$ < المطلوب 10.00$
2026-09-08 22:04:14,021 | INFO     | engine:open_position:457 | 📈 فتح صفقة ورقية #5 | BTC/USDT | سعر الدخول: 60000.00$ | الكمية: 0.000033 | التكلفة: 2.00$ | الهدف: 61140.00$ | الوقف: 59280.00$
2026-09-08 22:04:14,077 | INFO     | engine:open_position:457 | 📈 فتح صفقة ورقية #6 | BTC/USDT | سعر الدخول: 60000.00$ | الكمية: 0.000033 | التكلفة: 2.00$ | الهدف: 61140.00$ | الوقف: 59280.00$
2026-09-08 22:04:14,132 | INFO     | engine:open_position:457 | 📈 فتح صفقة ورقية #7 | BTC/USDT | سعر الدخول: 60000.00$ | الكمية: 0.000033 | التكلفة: 2.00$ | الهدف: 61140.00$ | الوقف: 59280.00$
2026-09-08 22:04:14,150 | INFO     | engine:close_position:531 | 📉 إغلاق صفقة #7 | BTC/USDT | دخول: 60000.00$ → خروج: 59100.00$ | PnL: -0.0300$ (-1.50%) | السبب: وقف الخسارة الأقصى (Stop Loss) ⚠️
2026-09-08 22:04:14,189 | INFO     | engine:open_position:457 | 📈 فتح صفقة ورقية #8 | BTC/USDT | سعر الدخول: 60000.00$ | الكمية: 0.000033 | التكلفة: 2.00$ | الهدف: 61140.00$ | الوقف: 59280.00$
2026-09-08 22:04:14,278 | INFO     | engine:close_position:531 | 💰 إغلاق صفقة #8 | BTC/USDT | دخول: 60000.00$ → خروج: 61200.00$ | PnL: +0.0400$ (+2.00%) | السبب: تحقيق هدف الربح (+1.9%) 🎯
2026-09-08 22:04:14,339 | INFO     | engine:open_position:457 | 📈 فتح صفقة ورقية #9 | BTC/USDT | سعر الدخول: 60000.00$ | الكمية: 0.000033 | التكلفة: 2.00$ | الهدف: 61140.00$ | الوقف: 59280.00$
2026-09-08 22:04:14,421 | INFO     | engine:close_position:531 | 💰 إغلاق صفقة #9 | BTC/USDT | دخول: 60000.00$ → خروج: 60700.00$ | PnL: +0.0233$ (+1.17%) | السبب: تفعيل الوقف المتحرك وحجز الأرباح 🛡️
2026-09-08 22:04:14,603 | INFO     | engine:_init_exchange:82 | تم تهيئة الاتصال بمنصة BYBIT بنجاح
2026-09-08 22:17:04,139 | INFO     | bybit_health:run_full_diagnostic:211 | بدء الفحص الشامل لوكيل ربط بايبيت والبث المباشر...
2026-09-08 22:17:19,154 | INFO     | bybit_health:run_full_diagnostic:211 | بدء الفحص الشامل لوكيل ربط بايبيت والبث المباشر...
2026-09-08 22:17:57,610 | INFO     | engine:_init_exchange:93 | تم تهيئة الاتصال بمنصة BYBIT بنجاح
2026-09-08 22:17:57,610 | INFO     | scanner:scan_opportunities:47 | بدء مسح الفرص لـ 3 عملة عبر وكيل اقتناص الفرص...
2026-09-08 22:18:15,808 | INFO     | scanner:scan_opportunities:173 | اكتمل مسح السوق بنجاح. تم فحص 3 عملة.
2026-09-08 22:26:21,650 | INFO     | engine:_init_exchange:93 | تم تهيئة الاتصال بمنصة BYBIT بنجاح
2026-09-08 22:26:21,656 | INFO     | bybit_health:run_full_diagnostic:211 | بدء الفحص الشامل لوكيل ربط بايبيت والبث المباشر...
2026-09-08 22:26:24,258 | INFO     | engine:_init_exchange:93 | تم تهيئة الاتصال بمنصة BYBIT بنجاح
2026-09-08 22:26:32,702 | INFO     | engine:_init_exchange:93 | تم تهيئة الاتصال بمنصة BYBIT بنجاح
2026-09-08 22:26:32,735 | INFO     | scanner:scan_opportunities:47 | بدء مسح الفرص لـ 2 عملة عبر وكيل اقتناص الفرص...
2026-09-08 22:26:32,753 | INFO     | scanner:scan_opportunities:173 | اكتمل مسح السوق بنجاح. تم فحص 2 عملة.
2026-09-08 22:26:32,773 | INFO     | engine:_init_exchange:93 | تم تهيئة الاتصال بمنصة BYBIT بنجاح
2026-09-08 22:26:43,004 | INFO     | engine:_init_exchange:93 | تم تهيئة الاتصال بمنصة BYBIT بنجاح
2026-09-08 22:26:50,053 | INFO     | engine:_init_exchange:93 | تم تهيئة الاتصال بمنصة BYBIT بنجاح
2026-09-08 22:26:50,176 | WARNING  | engine:close_position:576 | محاولة إغلاق صفقة غير موجودة أو مغلقة مسبقاً: #99999
2026-09-08 22:26:50,205 | INFO     | engine:open_position:555 | 📈 فتح صفقة ورقية #1 | BTC/USDT | سعر الدخول: 60000.00$ | الكمية: 0.000033 | التكلفة: 2.00$ | الهدف: 61140.00$ | الوقف: 59280.00$
2026-09-08 22:26:50,228 | INFO     | engine:close_position:629 | 📉 إغلاق صفقة #1 | BTC/USDT | دخول: 60000.00$ → خروج: 59280.00$ | PnL: -0.0240$ (-1.20%) | السبب: Stop Loss ⚠️
2026-09-08 22:26:50,280 | INFO     | engine:open_position:555 | 📈 فتح صفقة ورقية #2 | BTC/USDT | سعر الدخول: 60000.00$ | الكمية: 0.000033 | التكلفة: 2.00$ | الهدف: 61140.00$ | الوقف: 59280.00$
2026-09-08 22:26:50,310 | INFO     | engine:close_position:629 | 💰 إغلاق صفقة #2 | BTC/USDT | دخول: 60000.00$ → خروج: 61080.00$ | PnL: +0.0360$ (+1.80%) | السبب: Take Profit ✅
2026-09-08 22:26:50,344 | ERROR    | engine:fetch_market_candles:269 | خطأ في جلب شموع BTC/USDT: Timeout
Traceback (most recent call last):
  File "D:\USDT\trading_engine.py", line 260, in fetch_market_candles
    ohlcv = self._exchange.fetch_ohlcv(pair, timeframe=timeframe, limit=limit)
  File "C:\Users\youne\AppData\Roaming\uv\python\cpython-3.14-windows-x86_64-none\Lib\unittest\mock.py", line 1175, in __call__
    return self._mock_call(*args, **kwargs)
           ~~~~~~~~~~~~~~~^^^^^^^^^^^^^^^^^
  File "C:\Users\youne\AppData\Roaming\uv\python\cpython-3.14-windows-x86_64-none\Lib\unittest\mock.py", line 1179, in _mock_call
    return self._execute_mock_call(*args, **kwargs)
           ~~~~~~~~~~~~~~~~~~~~~~~^^^^^^^^^^^^^^^^^
  File "C:\Users\youne\AppData\Roaming\uv\python\cpython-3.14-windows-x86_64-none\Lib\unittest\mock.py", line 1234, in _execute_mock_call
    raise effect
Exception: Timeout
2026-09-08 22:26:50,366 | ERROR    | engine:get_current_price:285 | خطأ في جلب سعر BTC/USDT: Network Error
2026-09-08 22:26:50,505 | INFO     | engine:open_position:555 | 📈 فتح صفقة ورقية #3 | BTC/USDT | سعر الدخول: 60000.00$ | الكمية: 0.000025 | التكلفة: 1.50$ | الهدف: 61140.00$ | الوقف: 59280.00$
2026-09-08 22:26:50,529 | INFO     | engine:open_position:555 | 📈 فتح صفقة ورقية #4 | ETH/USDT | سعر الدخول: 3000.00$ | الكمية: 0.000500 | التكلفة: 1.50$ | الهدف: 3057.00$ | الوقف: 2964.00$
2026-09-08 22:26:50,540 | INFO     | engine:open_position:494 | تم بلوغ الحد الأقصى للصفقات المفتوحة (2). لن يتم فتح صفقة جديدة.
2026-09-08 22:26:50,563 | WARNING  | engine:open_position:487 | رصيد غير كافٍ لفتح صفقة BTC/USDT: المتاح 4.00$ < المطلوب 10.00$
2026-09-08 22:26:50,586 | INFO     | engine:open_position:555 | 📈 فتح صفقة ورقية #5 | BTC/USDT | سعر الدخول: 60000.00$ | الكمية: 0.000033 | التكلفة: 2.00$ | الهدف: 61140.00$ | الوقف: 59280.00$
2026-09-08 22:26:50,650 | INFO     | engine:open_position:555 | 📈 فتح صفقة ورقية #6 | BTC/USDT | سعر الدخول: 60000.00$ | الكمية: 0.000033 | التكلفة: 2.00$ | الهدف: 61140.00$ | الوقف: 59280.00$
2026-09-08 22:26:50,712 | INFO     | engine:open_position:555 | 📈 فتح صفقة ورقية #7 | BTC/USDT | سعر الدخول: 60000.00$ | الكمية: 0.000033 | التكلفة: 2.00$ | الهدف: 61140.00$ | الوقف: 59280.00$
2026-09-08 22:26:50,734 | INFO     | engine:close_position:629 | 📉 إغلاق صفقة #7 | BTC/USDT | دخول: 60000.00$ → خروج: 59100.00$ | PnL: -0.0300$ (-1.50%) | السبب: وقف الخسارة الأقصى (Stop Loss) ⚠️
2026-09-08 22:26:50,776 | INFO     | engine:open_position:555 | 📈 فتح صفقة ورقية #8 | BTC/USDT | سعر الدخول: 60000.00$ | الكمية: 0.000033 | التكلفة: 2.00$ | الهدف: 61140.00$ | الوقف: 59280.00$
2026-09-08 22:26:50,818 | INFO     | engine:close_position:629 | 💰 إغلاق صفقة #8 | BTC/USDT | دخول: 60000.00$ → خروج: 61200.00$ | PnL: +0.0400$ (+2.00%) | السبب: تحقيق هدف الربح (+1.9%) 🎯
2026-09-08 22:26:50,862 | INFO     | engine:open_position:555 | 📈 فتح صفقة ورقية #9 | BTC/USDT | سعر الدخول: 60000.00$ | الكمية: 0.000033 | التكلفة: 2.00$ | الهدف: 61140.00$ | الوقف: 59280.00$
2026-09-08 22:26:50,934 | INFO     | engine:close_position:629 | 💰 إغلاق صفقة #9 | BTC/USDT | دخول: 60000.00$ → خروج: 60700.00$ | PnL: +0.0233$ (+1.17%) | السبب: تفعيل الوقف المتحرك وحجز الأرباح 🛡️
2026-09-08 22:26:51,257 | INFO     | engine:_init_exchange:93 | تم تهيئة الاتصال بمنصة BYBIT بنجاح
2026-09-08 22:26:51,259 | INFO     | scanner:scan_opportunities:47 | بدء مسح الفرص لـ 12 عملة عبر وكيل اقتناص الفرص...
2026-09-08 22:27:42,126 | INFO     | engine:_init_exchange:93 | تم تهيئة الاتصال بمنصة BYBIT بنجاح
2026-09-08 22:27:42,148 | INFO     | engine:_init_exchange:93 | تم تهيئة الاتصال بمنصة BYBIT بنجاح
2026-09-08 22:27:52,867 | INFO     | scanner:scan_opportunities:47 | بدء مسح الفرص لـ 15 عملة عبر وكيل اقتناص الفرص...
2026-09-08 22:28:04,026 | INFO     | scanner:scan_opportunities:173 | اكتمل مسح السوق بنجاح. تم فحص 15 عملة.
2026-09-08 22:29:37,443 | INFO     | engine:_init_exchange:93 | تم تهيئة الاتصال بمنصة BYBIT بنجاح
2026-09-08 22:29:37,449 | INFO     | bybit_health:run_full_diagnostic:211 | بدء الفحص الشامل لوكيل ربط بايبيت والبث المباشر...
2026-09-08 22:29:39,464 | INFO     | engine:_init_exchange:93 | تم تهيئة الاتصال بمنصة BYBIT بنجاح
2026-09-08 22:29:44,144 | INFO     | engine:_init_exchange:93 | تم تهيئة الاتصال بمنصة BYBIT بنجاح
2026-09-08 22:29:44,183 | INFO     | scanner:scan_opportunities:47 | بدء مسح الفرص لـ 2 عملة عبر وكيل اقتناص الفرص...
2026-09-08 22:29:44,202 | INFO     | scanner:scan_opportunities:173 | اكتمل مسح السوق بنجاح. تم فحص 2 عملة.
2026-09-08 22:29:44,224 | INFO     | engine:_init_exchange:93 | تم تهيئة الاتصال بمنصة BYBIT بنجاح
2026-09-08 22:30:05,650 | INFO     | engine:_init_exchange:93 | تم تهيئة الاتصال بمنصة BYBIT بنجاح
2026-09-08 22:30:21,523 | INFO     | engine:_init_exchange:93 | تم تهيئة الاتصال بمنصة BYBIT بنجاح
2026-09-08 22:30:21,721 | WARNING  | engine:close_position:576 | محاولة إغلاق صفقة غير موجودة أو مغلقة مسبقاً: #99999
2026-09-08 22:30:21,786 | INFO     | engine:open_position:555 | 📈 فتح صفقة ورقية #1 | BTC/USDT | سعر الدخول: 60000.00$ | الكمية: 0.000033 | التكلفة: 2.00$ | الهدف: 61140.00$ | الوقف: 59280.00$
2026-09-08 22:30:21,823 | INFO     | engine:close_position:629 | 📉 إغلاق صفقة #1 | BTC/USDT | دخول: 60000.00$ → خروج: 59280.00$ | PnL: -0.0240$ (-1.20%) | السبب: Stop Loss ⚠️
2026-09-08 22:30:21,864 | INFO     | engine:open_position:555 | 📈 فتح صفقة ورقية #2 | BTC/USDT | سعر الدخول: 60000.00$ | الكمية: 0.000033 | التكلفة: 2.00$ | الهدف: 61140.00$ | الوقف: 59280.00$
2026-09-08 22:30:21,879 | INFO     | engine:close_position:629 | 💰 إغلاق صفقة #2 | BTC/USDT | دخول: 60000.00$ → خروج: 61080.00$ | PnL: +0.0360$ (+1.80%) | السبب: Take Profit ✅
2026-09-08 22:30:21,904 | ERROR    | engine:fetch_market_candles:269 | خطأ في جلب شموع BTC/USDT: Timeout
Traceback (most recent call last):
  File "D:\USDT\trading_engine.py", line 260, in fetch_market_candles
    ohlcv = self._exchange.fetch_ohlcv(pair, timeframe=timeframe, limit=limit)
  File "C:\Users\youne\AppData\Roaming\uv\python\cpython-3.14-windows-x86_64-none\Lib\unittest\mock.py", line 1175, in __call__
    return self._mock_call(*args, **kwargs)
           ~~~~~~~~~~~~~~~^^^^^^^^^^^^^^^^^
  File "C:\Users\youne\AppData\Roaming\uv\python\cpython-3.14-windows-x86_64-none\Lib\unittest\mock.py", line 1179, in _mock_call
    return self._execute_mock_call(*args, **kwargs)
           ~~~~~~~~~~~~~~~~~~~~~~~^^^^^^^^^^^^^^^^^
  File "C:\Users\youne\AppData\Roaming\uv\python\cpython-3.14-windows-x86_64-none\Lib\unittest\mock.py", line 1234, in _execute_mock_call
    raise effect
Exception: Timeout
2026-09-08 22:30:21,929 | ERROR    | engine:get_current_price:285 | خطأ في جلب سعر BTC/USDT: Network Error
2026-09-08 22:30:22,042 | INFO     | engine:open_position:555 | 📈 فتح صفقة ورقية #3 | BTC/USDT | سعر الدخول: 60000.00$ | الكمية: 0.000025 | التكلفة: 1.50$ | الهدف: 61140.00$ | الوقف: 59280.00$
2026-09-08 22:30:22,057 | INFO     | engine:open_position:555 | 📈 فتح صفقة ورقية #4 | ETH/USDT | سعر الدخول: 3000.00$ | الكمية: 0.000500 | التكلفة: 1.50$ | الهدف: 3057.00$ | الوقف: 2964.00$
2026-09-08 22:30:22,070 | INFO     | engine:open_position:494 | تم بلوغ الحد الأقصى للصفقات المفتوحة (2). لن يتم فتح صفقة جديدة.
2026-09-08 22:30:22,092 | WARNING  | engine:open_position:487 | رصيد غير كافٍ لفتح صفقة BTC/USDT: المتاح 4.00$ < المطلوب 10.00$
2026-09-08 22:30:22,127 | INFO     | engine:open_position:555 | 📈 فتح صفقة ورقية #5 | BTC/USDT | سعر الدخول: 60000.00$ | الكمية: 0.000033 | التكلفة: 2.00$ | الهدف: 61140.00$ | الوقف: 59280.00$
2026-09-08 22:30:22,173 | INFO     | engine:open_position:555 | 📈 فتح صفقة ورقية #6 | BTC/USDT | سعر الدخول: 60000.00$ | الكمية: 0.000033 | التكلفة: 2.00$ | الهدف: 61140.00$ | الوقف: 59280.00$
2026-09-08 22:30:22,246 | INFO     | engine:open_position:555 | 📈 فتح صفقة ورقية #7 | BTC/USDT | سعر الدخول: 60000.00$ | الكمية: 0.000033 | التكلفة: 2.00$ | الهدف: 61140.00$ | الوقف: 59280.00$
2026-09-08 22:30:22,270 | INFO     | engine:close_position:629 | 📉 إغلاق صفقة #7 | BTC/USDT | دخول: 60000.00$ → خروج: 59100.00$ | PnL: -0.0300$ (-1.50%) | السبب: وقف الخسارة الأقصى (Stop Loss) ⚠️
2026-09-08 22:30:22,305 | INFO     | engine:open_position:555 | 📈 فتح صفقة ورقية #8 | BTC/USDT | سعر الدخول: 60000.00$ | الكمية: 0.000033 | التكلفة: 2.00$ | الهدف: 61140.00$ | الوقف: 59280.00$
2026-09-08 22:30:22,331 | INFO     | engine:close_position:629 | 💰 إغلاق صفقة #8 | BTC/USDT | دخول: 60000.00$ → خروج: 61200.00$ | PnL: +0.0400$ (+2.00%) | السبب: تحقيق هدف الربح (+1.9%) 🎯
2026-09-08 22:30:22,381 | INFO     | engine:open_position:555 | 📈 فتح صفقة ورقية #9 | BTC/USDT | سعر الدخول: 60000.00$ | الكمية: 0.000033 | التكلفة: 2.00$ | الهدف: 61140.00$ | الوقف: 59280.00$
2026-09-08 22:30:22,447 | INFO     | engine:close_position:629 | 💰 إغلاق صفقة #9 | BTC/USDT | دخول: 60000.00$ → خروج: 60700.00$ | PnL: +0.0233$ (+1.17%) | السبب: تفعيل الوقف المتحرك وحجز الأرباح 🛡️
2026-09-08 22:30:22,760 | INFO     | engine:_init_exchange:93 | تم تهيئة الاتصال بمنصة BYBIT بنجاح
2026-09-08 22:37:39,345 | INFO     | engine:_init_exchange:93 | تم تهيئة الاتصال بمنصة BYBIT بنجاح
2026-09-08 22:37:39,367 | INFO     | engine:_init_exchange:93 | تم تهيئة الاتصال بمنصة BYBIT بنجاح
2026-09-08 22:38:06,640 | INFO     | scanner:scan_opportunities:47 | بدء مسح الفرص لـ 15 عملة عبر وكيل اقتناص الفرص...
2026-09-08 22:38:16,226 | INFO     | scanner:scan_opportunities:173 | اكتمل مسح السوق بنجاح. تم فحص 15 عملة.
2026-09-08 22:39:08,712 | INFO     | scanner:scan_opportunities:47 | بدء مسح الفرص لـ 15 عملة عبر وكيل اقتناص الفرص...
2026-09-08 22:39:13,047 | INFO     | scanner:scan_opportunities:173 | اكتمل مسح السوق بنجاح. تم فحص 15 عملة.
2026-09-08 22:40:50,706 | INFO     | engine:open_position:555 | 📈 فتح صفقة ورقية #2 | PEPE/USDT | سعر الدخول: 0.00$ | الكمية: 548847.420417 | التكلفة: 2.00$ | الهدف: 0.00$ | الوقف: 0.00$
2026-09-08 22:41:30,112 | INFO     | engine:close_position:629 | 💰 إغلاق صفقة #2 | PEPE/USDT | دخول: 0.00$ → خروج: 0.00$ | PnL: +0.0011$ (+0.05%) | السبب: إغلاق يدوي فوري من الواجهة ✋
2026-09-08 22:44:41,847 | INFO     | engine:open_position:555 | 📈 فتح صفقة ورقية #3 | DOT/USDT | سعر الدخول: 1.24$ | الكمية: 1.610954 | التكلفة: 2.00$ | الهدف: 1.27$ | الوقف: 1.23$
2026-09-08 22:51:44,401 | WARNING  | engine:wrapper:32 | خطأ شبكة في fetch_market_candles (المحاولة 1/3): bybit GET https://api.bybit.com/v5/market/kline?symbol=BTCUSDT&limit=70&interval=15&category=spot. إعادة المحاولة بعد 2.0 ثانية...
2026-09-08 22:55:13,707 | INFO     | engine:close_position:629 | 📉 إغلاق صفقة #3 | DOT/USDT | دخول: 1.24$ → خروج: 1.24$ | PnL: -0.0063$ (-0.31%) | السبب: إغلاق يدوي فوري من الواجهة ✋
